This file contains any messages produced by compilers while
running configure, to aid debugging if configure makes a mistake.

It was created by libnice configure 0.1.3, which was
generated by GNU Autoconf 2.71.  Invocation command line was

  $ ./configure

## --------- ##
## Platform. ##
## --------- ##

hostname = runnervmeorf1
uname -m = x86_64
uname -r = 6.17.0-1010-azure
uname -s = Linux
uname -v = #10~24.04.1-Ubuntu SMP Fri Mar  6 22:00:57 UTC 2026

/usr/bin/uname -p = x86_64
/bin/uname -X     = unknown

/bin/arch              = x86_64
/usr/bin/arch -k       = unknown
/usr/convex/getsysinfo = unknown
/usr/bin/hostinfo      = unknown
/bin/machine           = unknown
/usr/bin/oslevel       = unknown
/bin/universe          = unknown

PATH: /snap/bin/
PATH: /home/runner/.local/bin/
PATH: /opt/pipx_bin/
PATH: /home/runner/.cargo/bin/
PATH: /home/runner/.config/composer/vendor/bin/
PATH: /usr/local/.ghcup/bin/
PATH: /home/runner/.dotnet/tools/
PATH: /usr/local/sbin/
PATH: /usr/local/bin/
PATH: /usr/sbin/
PATH: /usr/bin/
PATH: /sbin/
PATH: /bin/
PATH: /usr/games/
PATH: /usr/local/games/
PATH: /snap/bin/


## ----------- ##
## Core tests. ##
## ----------- ##

configure:2603: looking for aux files: ltmain.sh compile missing install-sh config.guess config.sub
configure:2616:  trying ./
configure:2645:   ./ltmain.sh found
configure:2645:   ./compile found
configure:2645:   ./missing found
configure:2627:   ./install-sh found
configure:2645:   ./config.guess found
configure:2645:   ./config.sub found
configure:2765: checking build system type
configure:2780: result: x86_64-pc-linux-gnu
configure:2800: checking host system type
configure:2814: result: x86_64-pc-linux-gnu
configure:2834: checking target system type
configure:2848: result: x86_64-pc-linux-gnu
configure:2896: checking for a BSD-compatible install
configure:2969: result: /usr/bin/install -c
configure:2980: checking whether build environment is sane
configure:3035: result: yes
configure:3194: checking for a race-free mkdir -p
configure:3238: result: /usr/bin/mkdir -p
configure:3245: checking for gawk
configure:3266: found /usr/bin/gawk
configure:3277: result: gawk
configure:3288: checking whether make sets $(MAKE)
configure:3311: result: yes
configure:3341: checking whether make supports nested variables
configure:3359: result: yes
configure:3526: checking whether make supports nested variables
configure:3544: result: yes
configure:3564: checking whether python2 version is >= 2.4
configure:3575: python2 -c import sys # split strings by '.' and convert to numeric. Append some zeros # because we need at least 4 digits for the hex conversion. # map returns an iterator in Python 3.0 and a list in 2.x minver = list(map(int, '2.4'.split('.'))) + [0, 0, 0] minverhex = 0 # xrange is not present in Python 3.0 and range returns an iterator for i in list(range(0, 4)): minverhex = (minverhex << 8) + minver[i] sys.exit(sys.hexversion < minverhex)
./configure: line 3576: python2: command not found
configure:3578: $? = 127
configure:3584: result: no
configure:3586: error: Python interpreter is too old

## ---------------- ##
## Cache variables. ##
## ---------------- ##

ac_cv_build=x86_64-pc-linux-gnu
ac_cv_env_CC_set=
ac_cv_env_CC_value=
ac_cv_env_CFLAGS_set=
ac_cv_env_CFLAGS_value=
ac_cv_env_CPPFLAGS_set=
ac_cv_env_CPPFLAGS_value=
ac_cv_env_CPP_set=
ac_cv_env_CPP_value=
ac_cv_env_GLIB_CFLAGS_set=
ac_cv_env_GLIB_CFLAGS_value=
ac_cv_env_GLIB_LIBS_set=
ac_cv_env_GLIB_LIBS_value=
ac_cv_env_GST010_CFLAGS_set=
ac_cv_env_GST010_CFLAGS_value=
ac_cv_env_GST010_LIBS_set=
ac_cv_env_GST010_LIBS_value=
ac_cv_env_GST_CFLAGS_set=
ac_cv_env_GST_CFLAGS_value=
ac_cv_env_GST_LIBS_set=
ac_cv_env_GST_LIBS_value=
ac_cv_env_GTKDOC_DEPS_CFLAGS_set=
ac_cv_env_GTKDOC_DEPS_CFLAGS_value=
ac_cv_env_GTKDOC_DEPS_LIBS_set=
ac_cv_env_GTKDOC_DEPS_LIBS_value=
ac_cv_env_GUPNP_CFLAGS_set=
ac_cv_env_GUPNP_CFLAGS_value=
ac_cv_env_GUPNP_LIBS_set=
ac_cv_env_GUPNP_LIBS_value=
ac_cv_env_LDFLAGS_set=
ac_cv_env_LDFLAGS_value=
ac_cv_env_LIBNICE_CFLAGS_set=
ac_cv_env_LIBNICE_CFLAGS_value=
ac_cv_env_LIBNICE_LIBS_set=
ac_cv_env_LIBNICE_LIBS_value=
ac_cv_env_LIBS_set=
ac_cv_env_LIBS_value=
ac_cv_env_LT_SYS_LIBRARY_PATH_set=
ac_cv_env_LT_SYS_LIBRARY_PATH_value=
ac_cv_env_PKG_CONFIG_LIBDIR_set=
ac_cv_env_PKG_CONFIG_LIBDIR_value=
ac_cv_env_PKG_CONFIG_PATH_set=
ac_cv_env_PKG_CONFIG_PATH_value=
ac_cv_env_PKG_CONFIG_set=
ac_cv_env_PKG_CONFIG_value=
ac_cv_env_PYCODEGEN_CFLAGS_set=
ac_cv_env_PYCODEGEN_CFLAGS_value=
ac_cv_env_PYCODEGEN_LIBS_set=
ac_cv_env_PYCODEGEN_LIBS_value=
ac_cv_env_PYTHON_set=set
ac_cv_env_PYTHON_value=python2
ac_cv_env_build_alias_set=
ac_cv_env_build_alias_value=
ac_cv_env_host_alias_set=
ac_cv_env_host_alias_value=
ac_cv_env_target_alias_set=
ac_cv_env_target_alias_value=
ac_cv_host=x86_64-pc-linux-gnu
ac_cv_path_install='/usr/bin/install -c'
ac_cv_path_mkdir=/usr/bin/mkdir
ac_cv_prog_AWK=gawk
ac_cv_prog_make_make_set=yes
ac_cv_target=x86_64-pc-linux-gnu
am_cv_make_support_nested_variables=yes

## ----------------- ##
## Output variables. ##
## ----------------- ##

ACLOCAL='${SHELL} '\''/home/runner/work/libnice/libnice/missing'\'' aclocal-1.16'
AMDEPBACKSLASH=''
AMDEP_FALSE=''
AMDEP_TRUE=''
AMTAR='$${TAR-tar}'
AM_BACKSLASH='\'
AM_DEFAULT_V='$(AM_DEFAULT_VERBOSITY)'
AM_DEFAULT_VERBOSITY='0'
AM_V='$(V)'
AR=''
AUTOCONF='${SHELL} '\''/home/runner/work/libnice/libnice/missing'\'' autoconf'
AUTOHEADER='${SHELL} '\''/home/runner/work/libnice/libnice/missing'\'' autoheader'
AUTOMAKE='${SHELL} '\''/home/runner/work/libnice/libnice/missing'\'' automake-1.16'
AWK='gawk'
CC=''
CCACHE_DISABLE=''
CCDEPMODE=''
CFLAGS=''
CPP=''
CPPFLAGS=''
CSCOPE='cscope'
CTAGS='ctags'
CYGPATH_W='echo'
DEFS=''
DEPDIR=''
DLLTOOL=''
DSYMUTIL=''
DUMPBIN=''
ECHO_C=''
ECHO_N='-n'
ECHO_T=''
EGREP=''
ENABLE_GTK_DOC_FALSE=''
ENABLE_GTK_DOC_TRUE=''
ETAGS='etags'
EXEEXT=''
FGREP=''
FILECMD=''
GLIB_CFLAGS=''
GLIB_LIBS=''
GREP=''
GST010_CFLAGS=''
GST010_LIBS=''
GST_CFLAGS=''
GST_LIBS=''
GTKDOC_CHECK=''
GTKDOC_CHECK_PATH=''
GTKDOC_DEPS_CFLAGS=''
GTKDOC_DEPS_LIBS=''
GTKDOC_MKPDF=''
GTKDOC_REBASE=''
GTK_DOC_BUILD_HTML_FALSE=''
GTK_DOC_BUILD_HTML_TRUE=''
GTK_DOC_BUILD_PDF_FALSE=''
GTK_DOC_BUILD_PDF_TRUE=''
GTK_DOC_USE_LIBTOOL_FALSE=''
GTK_DOC_USE_LIBTOOL_TRUE=''
GTK_DOC_USE_REBASE_FALSE=''
GTK_DOC_USE_REBASE_TRUE=''
GUPNP_CFLAGS=''
GUPNP_LIBS=''
HAVE_GTK_DOC_FALSE=''
HAVE_GTK_DOC_TRUE=''
HAVE_GUPNP=''
HAVE_INTROSPECTION_FALSE=''
HAVE_INTROSPECTION_TRUE=''
HTML_DIR=''
INSTALL_DATA='${INSTALL} -m 644'
INSTALL_PROGRAM='${INSTALL}'
INSTALL_SCRIPT='${INSTALL}'
INSTALL_STRIP_PROGRAM='$(install_sh) -c -s'
INTROSPECTION_CFLAGS=''
INTROSPECTION_COMPILER=''
INTROSPECTION_GENERATE=''
INTROSPECTION_GIRDIR=''
INTROSPECTION_LIBS=''
INTROSPECTION_MAKEFILE=''
INTROSPECTION_SCANNER=''
INTROSPECTION_TYPELIBDIR=''
LD=''
LDFLAGS=''
LIBNICE_CFLAGS=''
LIBNICE_LIBS=''
LIBNICE_LT_LDFLAGS='-version-info 11:0:1 -no-undefined'
LIBOBJS=''
LIBRT=''
LIBS=''
LIBTOOL=''
LIPO=''
LN_S=''
LTLIBOBJS=''
LT_SYS_LIBRARY_PATH=''
MAKEINFO='${SHELL} '\''/home/runner/work/libnice/libnice/missing'\'' makeinfo'
MANIFEST_TOOL=''
MKDIR_P='/usr/bin/mkdir -p'
NM=''
NMEDIT=''
OBJDUMP=''
OBJEXT=''
OTOOL64=''
OTOOL=''
PACKAGE='libnice'
PACKAGE_BUGREPORT=''
PACKAGE_NAME='libnice'
PACKAGE_STRING='libnice 0.1.3'
PACKAGE_TARNAME='libnice'
PACKAGE_URL=''
PACKAGE_VERSION='0.1.3'
PATH_SEPARATOR=':'
PKG_CONFIG=''
PKG_CONFIG_LIBDIR=''
PKG_CONFIG_PATH=''
PYCODEGEN=''
PYCODEGEN_CFLAGS=''
PYCODEGEN_LIBS=''
PYTHON='python2'
PYTHON_EXEC_PREFIX=''
PYTHON_INCLUDES=''
PYTHON_PLATFORM=''
PYTHON_PREFIX=''
PYTHON_VERSION=''
RANLIB=''
SED=''
SET_MAKE=''
SHELL='/bin/bash'
STRIP=''
VERSION='0.1.3'
WANT_PYTHON_FALSE=''
WANT_PYTHON_TRUE=''
WINDOWS_FALSE=''
WINDOWS_TRUE=''
WITH_GSTREAMER010_FALSE=''
WITH_GSTREAMER010_TRUE=''
WITH_GSTREAMER_FALSE=''
WITH_GSTREAMER_TRUE=''
ac_ct_AR=''
ac_ct_CC=''
ac_ct_DUMPBIN=''
am__EXEEXT_FALSE=''
am__EXEEXT_TRUE=''
am__fastdepCC_FALSE=''
am__fastdepCC_TRUE=''
am__include=''
am__isrc=''
am__leading_dot='.'
am__nodep=''
am__quote=''
am__tar='$${TAR-tar} chof - "$$tardir"'
am__untar='$${TAR-tar} xf -'
bindir='${exec_prefix}/bin'
build='x86_64-pc-linux-gnu'
build_alias=''
build_cpu='x86_64'
build_os='linux-gnu'
build_vendor='pc'
datadir='${datarootdir}'
datarootdir='${prefix}/share'
docdir='${datarootdir}/doc/${PACKAGE_TARNAME}'
dvidir='${docdir}'
exec_prefix='NONE'
gstplugin010dir=''
gstplugindir=''
host='x86_64-pc-linux-gnu'
host_alias=''
host_cpu='x86_64'
host_os='linux-gnu'
host_vendor='pc'
htmldir='${docdir}'
includedir='${prefix}/include'
infodir='${datarootdir}/info'
install_sh='${SHELL} /home/runner/work/libnice/libnice/install-sh'
libdir='${exec_prefix}/lib'
libexecdir='${exec_prefix}/libexec'
localedir='${datarootdir}/locale'
localstatedir='${prefix}/var'
mandir='${datarootdir}/man'
mkdir_p='$(MKDIR_P)'
oldincludedir='/usr/include'
pdfdir='${docdir}'
pkgpyexecdir=''
pkgpythondir=''
prefix='NONE'
program_transform_name='s,x,x,'
psdir='${docdir}'
pyexecdir=''
pythondir=''
runstatedir='${localstatedir}/run'
sbindir='${exec_prefix}/sbin'
sharedstatedir='${prefix}/com'
sysconfdir='${prefix}/etc'
target='x86_64-pc-linux-gnu'
target_alias=''
target_cpu='x86_64'
target_os='linux-gnu'
target_vendor='pc'

## ----------- ##
## confdefs.h. ##
## ----------- ##

/* confdefs.h */
#define PACKAGE_NAME "libnice"
#define PACKAGE_TARNAME "libnice"
#define PACKAGE_VERSION "0.1.3"
#define PACKAGE_STRING "libnice 0.1.3"
#define PACKAGE_BUGREPORT ""
#define PACKAGE_URL ""
#define PACKAGE "libnice"
#define VERSION "0.1.3"

configure: exit 1
